------------------------------------------------------------
Timing Analyzer Summary
------------------------------------------------------------

Type  : Slow 1100mV 85C Model Setup 'clk'
Slack : 0.054
TNS   : 0.000

Type  : Slow 1100mV 85C Model Hold 'clk'
Slack : 0.317
TNS   : 0.000

Type  : Slow 1100mV 85C Model Minimum Pulse Width 'clk'
Slack : 2.936
TNS   : 0.000

Type  : Slow 1100mV 0C Model Setup 'clk'
Slack : 0.006
TNS   : 0.000

Type  : Slow 1100mV 0C Model Hold 'clk'
Slack : 0.300
TNS   : 0.000

Type  : Slow 1100mV 0C Model Minimum Pulse Width 'clk'
Slack : 2.830
TNS   : 0.000

Type  : Fast 1100mV 85C Model Setup 'clk'
Slack : 2.819
TNS   : 0.000

Type  : Fast 1100mV 85C Model Hold 'clk'
Slack : 0.166
TNS   : 0.000

Type  : Fast 1100mV 85C Model Minimum Pulse Width 'clk'
Slack : 3.105
TNS   : 0.000

Type  : Fast 1100mV 0C Model Setup 'clk'
Slack : 3.058
TNS   : 0.000

Type  : Fast 1100mV 0C Model Hold 'clk'
Slack : 0.151
TNS   : 0.000

Type  : Fast 1100mV 0C Model Minimum Pulse Width 'clk'
Slack : 3.104
TNS   : 0.000

------------------------------------------------------------
