------------------------------------------------------------
Timing Analyzer Summary
------------------------------------------------------------

Type  : Slow 1100mV 85C Model Setup 'clk'
Slack : 0.098
TNS   : 0.000

Type  : Slow 1100mV 85C Model Hold 'clk'
Slack : 0.330
TNS   : 0.000

Type  : Slow 1100mV 85C Model Minimum Pulse Width 'clk'
Slack : 2.990
TNS   : 0.000

Type  : Slow 1100mV 0C Model Setup 'clk'
Slack : 0.002
TNS   : 0.000

Type  : Slow 1100mV 0C Model Hold 'clk'
Slack : 0.264
TNS   : 0.000

Type  : Slow 1100mV 0C Model Minimum Pulse Width 'clk'
Slack : 2.887
TNS   : 0.000

Type  : Fast 1100mV 85C Model Setup 'clk'
Slack : 2.991
TNS   : 0.000

Type  : Fast 1100mV 85C Model Hold 'clk'
Slack : 0.167
TNS   : 0.000

Type  : Fast 1100mV 85C Model Minimum Pulse Width 'clk'
Slack : 3.147
TNS   : 0.000

Type  : Fast 1100mV 0C Model Setup 'clk'
Slack : 3.116
TNS   : 0.000

Type  : Fast 1100mV 0C Model Hold 'clk'
Slack : 0.154
TNS   : 0.000

Type  : Fast 1100mV 0C Model Minimum Pulse Width 'clk'
Slack : 3.146
TNS   : 0.000

------------------------------------------------------------
